// Jest Snapshot v1, https://goo.gl/fbAQLP

exports[`grafana data source supports time region query 1`] = `
{
  "fields": [
    {
      "config": {},
      "labels": undefined,
      "name": "time",
      "type": "time",
      "values": [
        1678060800000,
        1678665600000,
        1679270400000,
        1679875200000,
      ],
    },
    {
      "config": {},
      "labels": undefined,
      "name": "timeEnd",
      "type": "time",
      "values": [
        1678233599000,
        1678838399000,
        1679443199000,
        1680047999000,
      ],
    },
    {
      "config": {},
      "labels": undefined,
      "name": "text",
      "type": "string",
      "values": [
        "test",
        "test",
        "test",
        "test",
      ],
    },
  ],
  "meta": {
    "type": "timeranges",
  },
  "name": undefined,
  "refId": undefined,
}
`;
